  console.log
    ???啣?霈撽???

      at log (config/constants.js:75:13)

  console.log
    ???啣?霈撽???

      at log (config/constants.js:75:13)

node.exe : FAIL tests/welcome_handler.test.
js
位於 線路:1 字元:1
+ & "C:\Program Files\nodejs/node.exe" "C:\
Program Files\nodejs/node_mo ...
+ ~~~~~~~~~~~~~~~~~~~~~~~~~~~~~~~~~~~~~~~~~
~~~~~~~~~~~~~~~~~~~~~~~~~~~~
    + CategoryInfo          : NotSpecified 
   : (FAIL tests/welcome_handler.test.js:  
  String) [], RemoteException
    + FullyQualifiedErrorId : NativeComman 
   dError
 
  Welcome Handler
    ??should send default welcome message w
hen no config exists (5 ms)
    ??should respect disabled config
    ? should use configured text and image 
(1 ms)
    ??should handle missing source graceful
ly (1 ms)

  ??Welcome Handler ??should use configured
 text and image

    TypeError: Cannot read properties of un
defined (reading 'url')

    [0m [90m 122 |[39m         [36mcons
t[39m bodyText [33m=[39m bubble[33m.[3
9mbody[33m.[39mcontents[[35m2[39m][33m
.[39mtext[33m;[39m
     [90m 123 |[39m         expect(bodyTe
xt)[33m.[39mtoBe([32m'Hello Test User!'
[39m)[33m;[39m
    [31m[1m>[22m[39m[90m 124 |[39m   
      expect(bubble[33m.[39mhero[33m.[3
9murl)[33m.[39mtoBe([32m'https://custom.
img/1.jpg'[39m)[33m;[39m
     [90m     |[39m                      
      [31m[1m^[22m[39m
     [90m 125 |[39m     })[33m;[39m
     [90m 126 |[39m
     [90m 127 |[39m     test([32m'should
 handle missing source gracefully'[39m[33
m,[39m [36masync[39m () [33m=>[39m {[
0m

      at Object.url (tests/welcome_handler.
test.js:124:28)

Test Suites: 1 failed, 1 total
Tests:       1 failed, 3 passed, 4 total
Snapshots:   0 total
Time:        0.604 s, estimated 1 s
Ran all test suites matching tests/welcome_
handler.test.js.
